'NoneType' object has no attribute 'text'
'NoneType' object has no attribute 'text'
'NoneType' object has no attribute 'text'
'NoneType' object has no attribute 'text'
'NoneType' object has no attribute 'text'
'NoneType' object has no attribute 'text'
'NoneType' object has no attribute 'text'
'NoneType' object has no attribute 'text'
'NoneType' object has no attribute 'text'
'NoneType' object has no attribute 'text'
'NoneType' object has no attribute 'text'
'NoneType' object has no attribute 'text'
'NoneType' object has no attribute 'text'
'NoneType' object has no attribute 'text'
'NoneType' object has no attribute 'text'
'NoneType' object has no attribute 'text'
'NoneType' object has no attribute 'text'
'NoneType' object has no attribute 'text'
'NoneType' object has no attribute 'text'
'NoneType' object has no attribute 'text'
'NoneType' object has no attribute 'text'
'NoneType' object has no attribute 'text'
'NoneType' object has no attribute 'text'
'NoneType' object has no attribute 'text'
'NoneType' object has no attribute 'text'
'NoneType' object has no attribute 'text'
'NoneType' object has no attribute 'text'
'NoneType' object has no attribute 'text'
'NoneType' object has no attribute 'text'
'NoneType' object has no attribute 'text'
'NoneType' object has no attribute 'text'
'NoneType' object has no attribute 'text'
'NoneType' object has no attribute 'text'
'NoneType' object has no attribute 'text'
'NoneType' object has no attribute 'text'
'NoneType' object has no attribute 'text'
'NoneType' object has no attribute 'text'
'NoneType' object has no attribute 'text'
'NoneType' object has no attribute 'text'
'NoneType' object has no attribute 'text'
'NoneType' object has no attribute 'text'
'NoneType' object has no attribute 'text'
'NoneType' object has no attribute 'text'
'NoneType' object has no attribute 'text'
'NoneType' object has no attribute 'text'
'NoneType' object has no attribute 'text'
'NoneType' object has no attribute 'text'
'NoneType' object has no attribute 'text'
'NoneType' object has no attribute 'text'
'NoneType' object has no attribute 'text'
'NoneType' object has no attribute 'text'
'NoneType' object has no attribute 'text'
'NoneType' object has no attribute 'text'
'NoneType' object has no attribute 'text'
'NoneType' object has no attribute 'text'
'NoneType' object has no attribute 'text'
'NoneType' object has no attribute 'text'
'NoneType' object has no attribute 'text'
'NoneType' object has no attribute 'text'
'NoneType' object has no attribute 'text'
